// Jest Snapshot v1, https://goo.gl/fbAQLP

exports[`macros 1. macros: 1. macros 1`] = `
"
import {useObserver} from '../src/macro'

export const MyComponent = (props) => {
  useObserver();
  const foo = 1;
  const bar = 2;
  return null;
};

export const MyComponent2 = (props) => {
  // a comment
  useObserver();
  const foo = 1;
  return null;
};

export const MyComponent3 = (props) => {
  useObserver();
  return null;
};

export const MyComponent4 = (props) => {
  useObserver('baseComponentName');
  return null;
};

export const MyComponent5 = (props) => {
  useObserver('baseComponentName', { useForceUpdate: true });
  return null;
};

export const MyComponent6 = (props) => {

  useObserver();
  const foo = 1;
  return null;
};

      ↓ ↓ ↓ ↓ ↓ ↓

import { useObserverInternal } from \\"@joenoon/mobx-react-hooks\\";
export const MyComponent = props => {
  return useObserverInternal(function useObserverRenderHook() {
    const foo = 1;
    const bar = 2;
    return null;
  });
};
export const MyComponent2 = props => {
  // a comment
  return useObserverInternal(function useObserverRenderHook() {
    const foo = 1;
    return null;
  });
};
export const MyComponent3 = props => {
  return useObserverInternal(function useObserverRenderHook() {
    return null;
  });
};
export const MyComponent4 = props => {
  return useObserverInternal(function useObserverRenderHook() {
    return null;
  }, 'baseComponentName');
};
export const MyComponent5 = props => {
  return useObserverInternal(function useObserverRenderHook() {
    return null;
  }, 'baseComponentName', {
    useForceUpdate: true
  });
};
export const MyComponent6 = props => {
  return useObserverInternal(function useObserverRenderHook() {
    const foo = 1;
    return null;
  });
};
"
`;

exports[`macros 2. macros: 2. macros 1`] = `
"
import {useObserver} from '../src/macro'

export const MyComponent7 = (props) => {
  dontDoThis();
  useObserver();
  const foo = 1;
  return null;
};

      ↓ ↓ ↓ ↓ ↓ ↓

MacroError: createUseObserver.test.ts:5: useObserver() provided by the macro must be the first line of the FunctionComponent.
"
`;
